348380.000,340992.000,262616.000,951988.000,1056552.000,749506.000,507441.000,2313499.000,2170646.000,2732368.000,3320699.000,8223713.000